<html>
<body>
<pre>
<h1>�Vision Build Log</h1>
<h2>Tool Versions:</h2>
IDE-Version: ��Vision V5.40.0.0
Copyright (C) 2024 ARM Ltd and ARM Germany GmbH. All rights reserved.
License Information: x d, x, LIC=ATTQ1-CX8J0-GKLBG-VNXR5-AFN8M-J2I9J
 
Tool Versions:
Toolchain:       MDK-ARM Plus  Version: 5.40.0.3
Toolchain Path:  C:\Users\user\AppData\Local\Keil_V5\ARM\ARMCC\Bin
C Compiler:      Armcc.exe V5.06 update 7 (build 960)
Assembler:       Armasm.exe V5.06 update 7 (build 960)
Linker/Locator:  ArmLink.exe V5.06 update 7 (build 960)
Library Manager: ArmAr.exe V5.06 update 7 (build 960)
Hex Converter:   FromElf.exe V5.06 update 7 (build 960)
CPU DLL:         SARMCM3.DLL V5.40.0.3
Dialog DLL:      DCM.DLL V1.17.5.0
Target DLL:      Segger\JL2CM3.dll V2.99.44.0
Dialog DLL:      TCM.DLL V1.56.4.0
 
<h2>Project:</h2>
E:\10_Electric_curtain\0_code_frame\crf_frame_code\MDK-ARM\crf_frame_code.uvprojx
Project File Date:  05/16/2025

<h2>Output:</h2>
*** Using Compiler 'V5.06 update 7 (build 960)', folder: 'C:\Users\user\AppData\Local\Keil_V5\ARM\ARMCC\Bin'
Rebuild target 'crf_frame_code'
assembling startup_stm32g431xx.s...
compiling tim.c...
compiling stm32g4xx_it.c...
compiling gpio.c...
compiling stm32g4xx_hal_uart_ex.c...
compiling stm32g4xx_hal.c...
compiling main.c...
compiling usart.c...
compiling stm32g4xx_hal_msp.c...
compiling stm32g4xx_hal_rcc_ex.c...
compiling stm32g4xx_hal_rcc.c...
compiling stm32g4xx_hal_uart.c...
compiling stm32g4xx_hal_exti.c...
compiling stm32g4xx_hal_pwr.c...
compiling stm32g4xx_hal_flash_ramfunc.c...
compiling stm32g4xx_hal_dma.c...
compiling stm32g4xx_hal_flash.c...
compiling stm32g4xx_hal_flash_ex.c...
compiling stm32g4xx_hal_pwr_ex.c...
compiling stm32g4xx_hal_dma_ex.c...
compiling stm32g4xx_hal_gpio.c...
compiling stm32g4xx_hal_cortex.c...
compiling ring_buffer.c...
compiling usart3_dev.c...
compiling kal_usart3_dev.c...
compiling cal_usart3_dev.c...
compiling input_system.c...
compiling Pc_input.c...
compiling kal_time.c...
compiling input_buffer.c...
compiling input_test.c...
compiling log_test.c...
..\System\unittest\log_test.c(81): warning:  #870-D: invalid multibyte character sequence
      DBG_LOGI("中文测试输出, 需要确保终端支持UTF-8的显�?, 否则显示乱码\n");
..\System\unittest\log_test.c: 1 warning, 0 errors
compiling stm32g4xx_hal_tim.c...
compiling driver_usart3.c...
compiling system_stm32g4xx.c...
compiling cal_time.c...
compiling stm32g4xx_hal_tim_ex.c...
linking...
Program Size: Code=13240 RO-data=868 RW-data=72 ZI-data=1696  
FromELF: creating hex file...
"crf_frame_code\crf_frame_code.axf" - 0 Error(s), 1 Warning(s).

<h2>Software Packages used:</h2>

Package Vendor: ARM
                https://www.keil.com/pack/ARM.CMSIS.6.1.0.pack
                ARM::CMSIS@6.1.0
                CMSIS (Common Microcontroller Software Interface Standard)
   * Component: CORE Version: 6.1.0

Package Vendor: Keil
                https://www.keil.com/pack/Keil.STM32G4xx_DFP.1.6.0.pack
                Keil::STM32G4xx_DFP@1.6.0
                STMicroelectronics STM32G4 Series Device Support, Drivers and Examples

<h2>Collection of Component include folders:</h2>
  ./RTE/_crf_frame_code
  C:/Users/user/AppData/Local/Arm/Packs_keil/ARM/CMSIS/6.1.0/CMSIS/Core/Include
  C:/Users/user/AppData/Local/Arm/Packs_keil/Keil/STM32G4xx_DFP/1.6.0/Drivers/CMSIS/Device/ST/STM32G4xx/Include

<h2>Collection of Component Files used:</h2>

   * Component: ARM::CMSIS:CORE@6.1.0
      Include file:  CMSIS/Core/Include/tz_context.h
Build Time Elapsed:  00:00:06
</pre>
</body>
</html>
